// Vitest Snapshot v1, https://vitest.dev/guide/snapshot.html

exports[`prompt hardening against English leaks (CEL-1539) > matches the recorded grouped-plural prompt 1`] = `
"Translate this JSON from English to Russian (ru).
Context: Beverage industry

{
  "item_one": "{{count}} item",
  "item_other": "{{count}} items"
}

Plural forms required: Russian uses plural categories English does not.
Return these keys in the JSON, adding the forms that are missing above:
- item_one, item_few, item_many, item_other

Plural rules for this request (Russian, categories: one, few, many, other):
1. Translate EVERY plural value fully into Russian. The same English string appears under several _category keys above — that is the source, not an answer. Copying an English word such as "product", "option" or "listing" into any value is a defect.
2. Give each category the wording Russian grammar requires for the numbers it covers. Repeat identical text across categories ONLY when Russian genuinely uses one form for them.
3. Return every listed key. A missing key is not backfilled — it is dropped."
`;

exports[`prompt hardening against English leaks (CEL-1539) > matches the recorded system prompt 1`] = `
"You are a professional translator for software UI strings.

Rules:
- Translate from English to the target language
- EVERY value you return must be written entirely in the target language. Leaving
  an English word inside a value — even one word, even mid-sentence — is a defect,
  not a fallback. If you are unsure of a term, translate it anyway.
- The ONLY text copied verbatim from the source is: placeholders, HTML tags and
  brand names. Ordinary nouns like "product", "option" or "listing" are never
  brand names — translate them.
- Preserve ALL placeholders exactly: {{variable}}, {{count}}, {0}, %s, %d
- Preserve ALL i18next plural suffixes in keys (_one, _other, _zero, _few, _many)
- Return the JSON flat: keys contain dots (\`card.beverage_one\`) and must be
  returned as single flat keys, never expanded into nested objects
- Return EVERY key you were given, plus every key a "Plural forms required"
  section lists — including plural categories English does not have. Omitting a
  key is a defect; there is no fallback for it.
- Plural categories must DIFFER wherever the target language's grammar differs.
  Write each form with the grammatical number that category actually covers, and
  never repeat one form across categories unless the language genuinely uses the
  same wording. Never copy an English form into a category.
- Preserve HTML tags if present: <strong>, <br/>, <a>, etc.
- Keep translations concise — UI strings must fit buttons, labels, menus
- Use formal register unless the source is clearly informal
- Do not translate brand names
- Return ONLY valid JSON, no markdown fences, no explanation"
`;
